// Jest Snapshot v1, https://goo.gl/fbAQLP

exports[`Toto Test on long string. pointer should do the job. 1`] = `[Function]`;
